// Jest Snapshot v1, https://goo.gl/fbAQLP

exports[`Mobile Navigation renders correctly 1`] = `
Object {
  "asFragment": [Function],
  "baseElement": <body>
    <div>
      <div
        class="sc-bdVaJa lnOXiD"
      >
        <button
          aria-label="open mobile navigation menu"
          class="sc-bwzfXH cdzZsy hamburger hamburger--spin-r undefined"
          data-testid="hamburger"
          type="button"
        >
          <span
            class="hamburger-box"
          >
            <span
              class="hamburger-inner"
            />
          </span>
        </button>
        <div
          class="mobileNav"
          data-testid="mobileNav"
        >
          <div
            class="darkLayer"
          />
          <div
            id="mobileMenu"
          >
            <nav>
              <ul>
                <li>
                  <a
                    href="/blog"
                  >
                    Blog
                  </a>
                </li>
                <li>
                  <a
                    href="/work"
                  >
                    Work
                  </a>
                </li>
                <li>
                  <a
                    href="/about"
                  >
                    About Me
                  </a>
                </li>
                <li>
                  <a
                    href="/contact"
                  >
                    Contact
                  </a>
                </li>
              </ul>
            </nav>
          </div>
        </div>
      </div>
    </div>
  </body>,
  "container": <div>
    <div
      class="sc-bdVaJa lnOXiD"
    >
      <button
        aria-label="open mobile navigation menu"
        class="sc-bwzfXH cdzZsy hamburger hamburger--spin-r undefined"
        data-testid="hamburger"
        type="button"
      >
        <span
          class="hamburger-box"
        >
          <span
            class="hamburger-inner"
          />
        </span>
      </button>
      <div
        class="mobileNav"
        data-testid="mobileNav"
      >
        <div
          class="darkLayer"
        />
        <div
          id="mobileMenu"
        >
          <nav>
            <ul>
              <li>
                <a
                  href="/blog"
                >
                  Blog
                </a>
              </li>
              <li>
                <a
                  href="/work"
                >
                  Work
                </a>
              </li>
              <li>
                <a
                  href="/about"
                >
                  About Me
                </a>
              </li>
              <li>
                <a
                  href="/contact"
                >
                  Contact
                </a>
              </li>
            </ul>
          </nav>
        </div>
      </div>
    </div>
  </div>,
  "debug": [Function],
  "findAllByAltText": [Function],
  "findAllByDisplayValue": [Function],
  "findAllByLabelText": [Function],
  "findAllByPlaceholderText": [Function],
  "findAllByRole": [Function],
  "findAllByTestId": [Function],
  "findAllByText": [Function],
  "findAllByTitle": [Function],
  "findByAltText": [Function],
  "findByDisplayValue": [Function],
  "findByLabelText": [Function],
  "findByPlaceholderText": [Function],
  "findByRole": [Function],
  "findByTestId": [Function],
  "findByText": [Function],
  "findByTitle": [Function],
  "getAllByAltText": [Function],
  "getAllByDisplayValue": [Function],
  "getAllByLabelText": [Function],
  "getAllByPlaceholderText": [Function],
  "getAllByRole": [Function],
  "getAllByTestId": [Function],
  "getAllByText": [Function],
  "getAllByTitle": [Function],
  "getByAltText": [Function],
  "getByDisplayValue": [Function],
  "getByLabelText": [Function],
  "getByPlaceholderText": [Function],
  "getByRole": [Function],
  "getByTestId": [Function],
  "getByText": [Function],
  "getByTitle": [Function],
  "queryAllByAltText": [Function],
  "queryAllByDisplayValue": [Function],
  "queryAllByLabelText": [Function],
  "queryAllByPlaceholderText": [Function],
  "queryAllByRole": [Function],
  "queryAllByTestId": [Function],
  "queryAllByText": [Function],
  "queryAllByTitle": [Function],
  "queryByAltText": [Function],
  "queryByDisplayValue": [Function],
  "queryByLabelText": [Function],
  "queryByPlaceholderText": [Function],
  "queryByRole": [Function],
  "queryByTestId": [Function],
  "queryByText": [Function],
  "queryByTitle": [Function],
  "rerender": [Function],
  "unmount": [Function],
}
`;
